{"phase": "validating_data", "time": "2026-09-22T01:32:01+0800", "pid": 81923}
{"phase": "loading_model", "time": "2026-09-22T01:32:05+0800", "pid": 81923, "train_pairs": 2068, "input_lengths": {"min": 314, "median": 724.0, "max": 1417, "truncated": 0}}
{"phase": "preflight", "time": "2026-09-22T01:32:19+0800", "pid": 81923, "max_tokens": 1417, "batch_size": 2, "gradient_checkpointing": true, "checkpoint_head": true}
{"phase": "preflight_passed", "time": "2026-09-22T01:32:25+0800", "pid": 81923, "longest_real_tokens": 1417, "batch_size": 2, "padding_max_absolute_logit_difference": 0.0, "memory": {"process_rss_bytes": 837484544, "mps_allocated_bytes": 1706180096, "mps_driver_bytes": 2189099008}}
{"phase": "training", "time": "2026-09-22T01:32:25+0800", "pid": 81923, "epoch": 1, "epochs": 1, "completed_pairs": 0, "total_pairs": 2068, "optimizer_steps_total": 259, "trainable_parameters": 30635009}
{"phase": "gradient_verified", "time": "2026-09-22T01:32:29+0800", "pid": 81923, "optimizer_step": 1, "completed_pairs": 8, "encoder_lora_and_head_finite_nonzero_gradients": true, "encoder_lora_weights_changed": true}
{"phase": "training", "time": "2026-09-22T01:32:29+0800", "pid": 81923, "epoch": 1, "epochs": 1, "optimizer_step": 1, "optimizer_steps_total": 259, "completed_pairs": 8, "total_pairs": 2068, "progress": 0.0038684719535783366, "recent_loss": 1.0217103511095047, "epoch_mean_loss": 1.0217103511095047, "grad_norm": 12.151819229125977, "elapsed_seconds": 3.973235666984692, "pairs_per_second": 2.013472310861248, "eta_training_seconds": 1023.1081842485582, "lr": 3.846153846153847e-06, "memory": {"process_rss_bytes": 1116569600, "mps_allocated_bytes": 1952331264, "mps_driver_bytes": 3478306816}}
{"phase": "training", "time": "2026-09-22T01:32:47+0800", "pid": 81923, "epoch": 1, "epochs": 1, "optimizer_step": 5, "optimizer_steps_total": 259, "completed_pairs": 40, "total_pairs": 2068, "progress": 0.019342359767891684, "recent_loss": 0.932050521671772, "epoch_mean_loss": 0.932050521671772, "grad_norm": 7.738968849182129, "elapsed_seconds": 21.95735570898978, "pairs_per_second": 1.8217129844839741, "eta_training_seconds": 1113.2379344457818, "lr": 1.923076923076923e-05, "memory": {"process_rss_bytes": 1223360512, "mps_allocated_bytes": 1952339456, "mps_driver_bytes": 4802330624}}
{"phase": "training", "time": "2026-09-22T01:33:08+0800", "pid": 81923, "epoch": 1, "epochs": 1, "optimizer_step": 10, "optimizer_steps_total": 259, "completed_pairs": 80, "total_pairs": 2068, "progress": 0.03868471953578337, "recent_loss": 0.9561868963763118, "epoch_mean_loss": 0.9561868963763118, "grad_norm": 4.611139297485352, "elapsed_seconds": 42.85988483400433, "pairs_per_second": 1.8665472459816155, "eta_training_seconds": 1065.0681381250076, "lr": 3.846153846153846e-05, "memory": {"process_rss_bytes": 1245970432, "mps_allocated_bytes": 1952335360, "mps_driver_bytes": 4840325120}}
{"phase": "training", "time": "2026-09-22T01:33:29+0800", "pid": 81923, "epoch": 1, "epochs": 1, "optimizer_step": 15, "optimizer_steps_total": 259, "completed_pairs": 120, "total_pairs": 2068, "progress": 0.058027079303675046, "recent_loss": 0.8870223430916667, "epoch_mean_loss": 0.9020317359517018, "grad_norm": 7.9976935386657715, "elapsed_seconds": 64.21450775000267, "pairs_per_second": 1.8687365862427718, "eta_training_seconds": 1042.41550914171, "lr": 4.9796747967479676e-05, "memory": {"process_rss_bytes": 1247723520, "mps_allocated_bytes": 1952339456, "mps_driver_bytes": 5922455552}}
{"phase": "training", "time": "2026-09-22T01:33:50+0800", "pid": 81923, "epoch": 1, "epochs": 1, "optimizer_step": 20, "optimizer_steps_total": 259, "completed_pairs": 160, "total_pairs": 2068, "progress": 0.07736943907156674, "recent_loss": 0.7835162274539471, "epoch_mean_loss": 0.8698515619151295, "grad_norm": 6.954502582550049, "elapsed_seconds": 84.45906358398497, "pairs_per_second": 1.894408879408166, "eta_training_seconds": 1007.1743332390208, "lr": 4.878048780487805e-05, "memory": {"process_rss_bytes": 1269792768, "mps_allocated_bytes": 1952329216, "mps_driver_bytes": 5955731456}}
{"phase": "training", "time": "2026-09-22T01:34:12+0800", "pid": 81923, "epoch": 1, "epochs": 1, "optimizer_step": 25, "optimizer_steps_total": 259, "completed_pairs": 200, "total_pairs": 2068, "progress": 0.09671179883945841, "recent_loss": 0.6670308738946915, "epoch_mean_loss": 0.8080313911288977, "grad_norm": 2.6137750148773193, "elapsed_seconds": 106.62565829200321, "pairs_per_second": 1.8757211275759107, "eta_training_seconds": 995.88364844731, "lr": 4.776422764227643e-05, "memory": {"process_rss_bytes": 1019871232, "mps_allocated_bytes": 1952335360, "mps_driver_bytes": 3321561088}}
{"phase": "training", "time": "2026-09-22T01:34:35+0800", "pid": 81923, "epoch": 1, "epochs": 1, "optimizer_step": 30, "optimizer_steps_total": 259, "completed_pairs": 240, "total_pairs": 2068, "progress": 0.11605415860735009, "recent_loss": 0.5855008788406849, "epoch_mean_loss": 0.7750680008903146, "grad_norm": 4.9599995613098145, "elapsed_seconds": 130.2851407499984, "pairs_per_second": 1.8421133723954852, "eta_training_seconds": 992.3384887124878, "lr": 4.6747967479674795e-05, "memory": {"process_rss_bytes": 1270087680, "mps_allocated_bytes": 1952335360, "mps_driver_bytes": 5903368192}}
{"phase": "training", "time": "2026-09-22T01:34:58+0800", "pid": 81923, "epoch": 1, "epochs": 1, "optimizer_step": 35, "optimizer_steps_total": 259, "completed_pairs": 280, "total_pairs": 2068, "progress": 0.13539651837524178, "recent_loss": 0.6157718993723392, "epoch_mean_loss": 0.753100107769881, "grad_norm": 3.2100162506103516, "elapsed_seconds": 152.59324783398188, "pairs_per_second": 1.834943576957179, "eta_training_seconds": 974.4168825969986, "lr": 4.573170731707318e-05, "memory": {"process_rss_bytes": 1314340864, "mps_allocated_bytes": 1952337408, "mps_driver_bytes": 7209533440}}
{"phase": "training", "time": "2026-09-22T01:35:17+0800", "pid": 81923, "epoch": 1, "epochs": 1, "optimizer_step": 40, "optimizer_steps_total": 259, "completed_pairs": 320, "total_pairs": 2068, "progress": 0.15473887814313347, "recent_loss": 0.6993793543428183, "epoch_mean_loss": 0.7561458392534405, "grad_norm": 4.091349124908447, "elapsed_seconds": 172.195610166993, "pairs_per_second": 1.8583516716231516, "eta_training_seconds": 940.6185205371992, "lr": 4.4715447154471546e-05, "memory": {"process_rss_bytes": 1315373056, "mps_allocated_bytes": 1952339456, "mps_driver_bytes": 7209533440}}
{"phase": "failed", "time": "2026-09-22T01:35:28+0800", "pid": 81923, "error_type": "KeyboardInterrupt", "error": ""}
Traceback (most recent call last):
  File "/Users/bystanders/Desktop/pythonproject/Jev/distill-lab/scripts/train_computer_grounding.py", line 419, in <module>
    main()
  File "/Users/bystanders/Desktop/pythonproject/Jev/distill-lab/scripts/train_computer_grounding.py", line 411, in main
    run(args, event)
  File "/Users/bystanders/Desktop/pythonproject/Jev/distill-lab/scripts/train_computer_grounding.py", line 317, in run
    (loss_sum/group_size).backward()
  File "/Users/bystanders/Desktop/pythonproject/Jev/distill-lab/.venv/lib/python3.12/site-packages/torch/_tensor.py", line 566, in backward
    def backward(

KeyboardInterrupt
