{"phase": "running", "completed": 1, "total": 502, "updated_at": "2026-09-21T16:40:40.711142+00:00"}
{"phase": "running", "completed": 2, "total": 502, "updated_at": "2026-09-21T16:40:40.915743+00:00"}
{"phase": "running", "completed": 3, "total": 502, "updated_at": "2026-09-21T16:40:40.953198+00:00"}
{"phase": "running", "completed": 20, "total": 502, "updated_at": "2026-09-21T16:40:44.762766+00:00"}
{"phase": "running", "completed": 21, "total": 502, "updated_at": "2026-09-21T16:40:45.141100+00:00"}
{"phase": "running", "completed": 22, "total": 502, "updated_at": "2026-09-21T16:40:45.273622+00:00"}
{"phase": "running", "completed": 23, "total": 502, "updated_at": "2026-09-21T16:40:45.517994+00:00"}
{"phase": "running", "completed": 40, "total": 502, "updated_at": "2026-09-21T16:40:49.728175+00:00"}
{"phase": "running", "completed": 41, "total": 502, "updated_at": "2026-09-21T16:40:50.045737+00:00"}
{"phase": "running", "completed": 42, "total": 502, "updated_at": "2026-09-21T16:40:50.405248+00:00"}
{"phase": "running", "completed": 43, "total": 502, "updated_at": "2026-09-21T16:40:50.722562+00:00"}
{"phase": "running", "completed": 60, "total": 502, "updated_at": "2026-09-21T16:40:54.747527+00:00"}
{"phase": "running", "completed": 61, "total": 502, "updated_at": "2026-09-21T16:40:55.023304+00:00"}
{"phase": "running", "completed": 62, "total": 502, "updated_at": "2026-09-21T16:40:55.317027+00:00"}
{"phase": "running", "completed": 63, "total": 502, "updated_at": "2026-09-21T16:40:55.506193+00:00"}
{"phase": "running", "completed": 80, "total": 502, "updated_at": "2026-09-21T16:40:59.860901+00:00"}
{"phase": "running", "completed": 81, "total": 502, "updated_at": "2026-09-21T16:41:00.033836+00:00"}
{"phase": "running", "completed": 82, "total": 502, "updated_at": "2026-09-21T16:41:00.284056+00:00"}
{"phase": "running", "completed": 83, "total": 502, "updated_at": "2026-09-21T16:41:00.558107+00:00"}
{"phase": "running", "completed": 101, "total": 502, "updated_at": "2026-09-21T16:41:05.349016+00:00"}
{"phase": "running", "completed": 103, "total": 502, "updated_at": "2026-09-21T16:41:05.870034+00:00"}
{"phase": "running", "completed": 120, "total": 502, "updated_at": "2026-09-21T16:41:09.868857+00:00"}
{"phase": "running", "completed": 121, "total": 502, "updated_at": "2026-09-21T16:41:10.055830+00:00"}
{"phase": "running", "completed": 123, "total": 502, "updated_at": "2026-09-21T16:41:10.580645+00:00"}
{"phase": "running", "completed": 140, "total": 502, "updated_at": "2026-09-21T16:41:14.858160+00:00"}
{"phase": "running", "completed": 141, "total": 502, "updated_at": "2026-09-21T16:41:15.101921+00:00"}
{"phase": "running", "completed": 142, "total": 502, "updated_at": "2026-09-21T16:41:15.331447+00:00"}
{"phase": "running", "completed": 143, "total": 502, "updated_at": "2026-09-21T16:41:15.626219+00:00"}
{"phase": "running", "completed": 160, "total": 502, "updated_at": "2026-09-21T16:41:19.871616+00:00"}
{"phase": "running", "completed": 161, "total": 502, "updated_at": "2026-09-21T16:41:20.021928+00:00"}
{"phase": "running", "completed": 162, "total": 502, "updated_at": "2026-09-21T16:41:20.344540+00:00"}
{"phase": "running", "completed": 163, "total": 502, "updated_at": "2026-09-21T16:41:20.542069+00:00"}
{"phase": "running", "completed": 180, "total": 502, "updated_at": "2026-09-21T16:41:24.812477+00:00"}
{"phase": "running", "completed": 181, "total": 502, "updated_at": "2026-09-21T16:41:25.063290+00:00"}
{"phase": "running", "completed": 182, "total": 502, "updated_at": "2026-09-21T16:41:25.296959+00:00"}
{"phase": "running", "completed": 183, "total": 502, "updated_at": "2026-09-21T16:41:25.588236+00:00"}
{"phase": "running", "completed": 200, "total": 502, "updated_at": "2026-09-21T16:41:29.979292+00:00"}
{"phase": "running", "completed": 201, "total": 502, "updated_at": "2026-09-21T16:41:30.098401+00:00"}
{"phase": "running", "completed": 202, "total": 502, "updated_at": "2026-09-21T16:41:30.316026+00:00"}
{"phase": "running", "completed": 203, "total": 502, "updated_at": "2026-09-21T16:41:30.630358+00:00"}
{"phase": "running", "completed": 220, "total": 502, "updated_at": "2026-09-21T16:41:34.823630+00:00"}
{"phase": "running", "completed": 221, "total": 502, "updated_at": "2026-09-21T16:41:35.055541+00:00"}
{"phase": "running", "completed": 222, "total": 502, "updated_at": "2026-09-21T16:41:35.341255+00:00"}
{"phase": "running", "completed": 223, "total": 502, "updated_at": "2026-09-21T16:41:35.550918+00:00"}
{"phase": "running", "completed": 240, "total": 502, "updated_at": "2026-09-21T16:41:39.768558+00:00"}
{"phase": "running", "completed": 241, "total": 502, "updated_at": "2026-09-21T16:41:40.148386+00:00"}
{"phase": "running", "completed": 242, "total": 502, "updated_at": "2026-09-21T16:41:40.268708+00:00"}
{"phase": "running", "completed": 243, "total": 502, "updated_at": "2026-09-21T16:41:40.640835+00:00"}
{"phase": "running", "completed": 260, "total": 502, "updated_at": "2026-09-21T16:41:44.799566+00:00"}
{"phase": "running", "completed": 261, "total": 502, "updated_at": "2026-09-21T16:41:45.008594+00:00"}
{"phase": "running", "completed": 262, "total": 502, "updated_at": "2026-09-21T16:41:45.263948+00:00"}
{"phase": "running", "completed": 263, "total": 502, "updated_at": "2026-09-21T16:41:45.511534+00:00"}
{"phase": "running", "completed": 280, "total": 502, "updated_at": "2026-09-21T16:41:49.789505+00:00"}
{"phase": "running", "completed": 281, "total": 502, "updated_at": "2026-09-21T16:41:50.026142+00:00"}
{"phase": "running", "completed": 282, "total": 502, "updated_at": "2026-09-21T16:41:50.347989+00:00"}
{"phase": "running", "completed": 283, "total": 502, "updated_at": "2026-09-21T16:41:50.504644+00:00"}
{"phase": "running", "completed": 300, "total": 502, "updated_at": "2026-09-21T16:41:54.756333+00:00"}
{"phase": "running", "completed": 301, "total": 502, "updated_at": "2026-09-21T16:41:55.010371+00:00"}
{"phase": "running", "completed": 302, "total": 502, "updated_at": "2026-09-21T16:41:55.280079+00:00"}
{"phase": "running", "completed": 303, "total": 502, "updated_at": "2026-09-21T16:41:55.516561+00:00"}
{"phase": "running", "completed": 320, "total": 502, "updated_at": "2026-09-21T16:41:59.916311+00:00"}
{"phase": "running", "completed": 321, "total": 502, "updated_at": "2026-09-21T16:42:00.050182+00:00"}
{"phase": "running", "completed": 322, "total": 502, "updated_at": "2026-09-21T16:42:00.299096+00:00"}
{"phase": "running", "completed": 323, "total": 502, "updated_at": "2026-09-21T16:42:00.512162+00:00"}
{"phase": "running", "completed": 340, "total": 502, "updated_at": "2026-09-21T16:42:05.112929+00:00"}
{"phase": "running", "completed": 341, "total": 502, "updated_at": "2026-09-21T16:42:05.114458+00:00"}
{"phase": "running", "completed": 342, "total": 502, "updated_at": "2026-09-21T16:42:05.632385+00:00"}
{"phase": "running", "completed": 343, "total": 502, "updated_at": "2026-09-21T16:42:05.633948+00:00"}
{"phase": "running", "completed": 360, "total": 502, "updated_at": "2026-09-21T16:42:09.779487+00:00"}
{"phase": "running", "completed": 361, "total": 502, "updated_at": "2026-09-21T16:42:10.017546+00:00"}
{"phase": "running", "completed": 362, "total": 502, "updated_at": "2026-09-21T16:42:10.265038+00:00"}
{"phase": "running", "completed": 363, "total": 502, "updated_at": "2026-09-21T16:42:10.515476+00:00"}
{"phase": "running", "completed": 380, "total": 502, "updated_at": "2026-09-21T16:42:14.769949+00:00"}
{"phase": "running", "completed": 381, "total": 502, "updated_at": "2026-09-21T16:42:15.180616+00:00"}
{"phase": "running", "completed": 382, "total": 502, "updated_at": "2026-09-21T16:42:15.287294+00:00"}
{"phase": "running", "completed": 383, "total": 502, "updated_at": "2026-09-21T16:42:15.537430+00:00"}
{"phase": "running", "completed": 400, "total": 502, "updated_at": "2026-09-21T16:42:19.794101+00:00"}
{"phase": "running", "completed": 401, "total": 502, "updated_at": "2026-09-21T16:42:20.012946+00:00"}
{"phase": "running", "completed": 402, "total": 502, "updated_at": "2026-09-21T16:42:20.338400+00:00"}
{"phase": "running", "completed": 403, "total": 502, "updated_at": "2026-09-21T16:42:20.536673+00:00"}
{"phase": "running", "completed": 420, "total": 502, "updated_at": "2026-09-21T16:42:24.788976+00:00"}
{"phase": "running", "completed": 421, "total": 502, "updated_at": "2026-09-21T16:42:25.003507+00:00"}
{"phase": "running", "completed": 422, "total": 502, "updated_at": "2026-09-21T16:42:25.259480+00:00"}
{"phase": "running", "completed": 423, "total": 502, "updated_at": "2026-09-21T16:42:25.507820+00:00"}
{"phase": "running", "completed": 440, "total": 502, "updated_at": "2026-09-21T16:42:29.762418+00:00"}
{"phase": "running", "completed": 441, "total": 502, "updated_at": "2026-09-21T16:42:30.058619+00:00"}
{"phase": "running", "completed": 442, "total": 502, "updated_at": "2026-09-21T16:42:30.255889+00:00"}
{"phase": "running", "completed": 443, "total": 502, "updated_at": "2026-09-21T16:42:30.550771+00:00"}
{"phase": "running", "completed": 460, "total": 502, "updated_at": "2026-09-21T16:42:34.754207+00:00"}
{"phase": "running", "completed": 461, "total": 502, "updated_at": "2026-09-21T16:42:34.999295+00:00"}
{"phase": "running", "completed": 462, "total": 502, "updated_at": "2026-09-21T16:42:35.284533+00:00"}
{"phase": "running", "completed": 463, "total": 502, "updated_at": "2026-09-21T16:42:35.512903+00:00"}
{"phase": "running", "completed": 480, "total": 502, "updated_at": "2026-09-21T16:42:39.773547+00:00"}
{"phase": "running", "completed": 481, "total": 502, "updated_at": "2026-09-21T16:42:40.011714+00:00"}
{"phase": "running", "completed": 482, "total": 502, "updated_at": "2026-09-21T16:42:40.277689+00:00"}
{"phase": "running", "completed": 483, "total": 502, "updated_at": "2026-09-21T16:42:40.512830+00:00"}
{"phase": "running", "completed": 500, "total": 502, "updated_at": "2026-09-21T16:42:44.801655+00:00"}
{"phase": "running", "completed": 501, "total": 502, "updated_at": "2026-09-21T16:42:45.038177+00:00"}
{"phase": "running", "completed": 502, "total": 502, "updated_at": "2026-09-21T16:42:45.273943+00:00"}
{"complete": true, "scopes": {"all": {"records": 502, "completed": 502, "valid": 502, "correct": 454, "accuracy": 0.9043824701195219, "macro_f1": 0.901714351511344, "per_class_recall": [0.9473684210526315, 0.9487179487179487, 0.9642857142857143, 0.9166666666666666, 0.9743589743589743, 0.9736842105263158, 1.0, 0.8108108108108109, 0.5714285714285714, 0.8666666666666667, 0.7272727272727273, 1.0, 0.9743589743589743, 0.9411764705882353], "confusion": [[36, 0, 0, 1, 0, 0, 1, 0, 0, 0, 0, 0, 0, 0], [0, 37, 1, 0, 0, 0, 1, 0, 0, 0, 0, 0, 0, 0], [1, 0, 27, 0, 0, 0, 0, 0, 0, 0, 0, 0, 0, 0], [0, 0, 0, 33, 2, 0, 0, 0, 0, 0, 1, 0, 0, 0], [0, 0, 0, 0, 38, 0, 0, 0, 0, 0, 0, 0, 1, 0], [0, 0, 0, 0, 0, 37, 0, 0, 0, 0, 0, 0, 0, 1], [0, 0, 0, 0, 0, 0, 40, 0, 0, 0, 0, 0, 0, 0], [0, 0, 0, 1, 0, 0, 0, 30, 0, 0, 6, 0, 0, 0], [0, 0, 0, 0, 0, 0, 4, 0, 20, 0, 0, 0, 3, 8], [0, 0, 0, 0, 0, 0, 3, 0, 1, 26, 0, 0, 0, 0], [0, 0, 1, 0, 1, 0, 1, 0, 0, 0, 24, 0, 0, 6], [0, 0, 0, 0, 0, 0, 0, 0, 0, 0, 0, 36, 0, 0], [0, 0, 0, 0, 0, 0, 0, 0, 0, 0, 0, 0, 38, 1], [0, 0, 0, 0, 0, 0, 2, 0, 0, 0, 0, 0, 0, 32]]}, "han": {"records": 492, "completed": 492, "valid": 492, "correct": 446, "accuracy": 0.9065040650406504, "macro_f1": 0.9042057425260884, "per_class_recall": [0.9473684210526315, 0.9444444444444444, 0.9642857142857143, 0.9166666666666666, 0.9736842105263158, 0.9736842105263158, 1.0, 0.8285714285714286, 0.5714285714285714, 0.8666666666666667, 0.75, 1.0, 0.9736842105263158, 0.9393939393939394], "confusion": [[36, 0, 0, 1, 0, 0, 1, 0, 0, 0, 0, 0, 0, 0], [0, 34, 1, 0, 0, 0, 1, 0, 0, 0, 0, 0, 0, 0], [1, 0, 27, 0, 0, 0, 0, 0, 0, 0, 0, 0, 0, 0], [0, 0, 0, 33, 2, 0, 0, 0, 0, 0, 1, 0, 0, 0], [0, 0, 0, 0, 37, 0, 0, 0, 0, 0, 0, 0, 1, 0], [0, 0, 0, 0, 0, 37, 0, 0, 0, 0, 0, 0, 0, 1], [0, 0, 0, 0, 0, 0, 40, 0, 0, 0, 0, 0, 0, 0], [0, 0, 0, 0, 0, 0, 0, 29, 0, 0, 6, 0, 0, 0], [0, 0, 0, 0, 0, 0, 4, 0, 20, 0, 0, 0, 3, 8], [0, 0, 0, 0, 0, 0, 3, 0, 1, 26, 0, 0, 0, 0], [0, 0, 1, 0, 1, 0, 0, 0, 0, 0, 24, 0, 0, 6], [0, 0, 0, 0, 0, 0, 0, 0, 0, 0, 0, 35, 0, 0], [0, 0, 0, 0, 0, 0, 0, 0, 0, 0, 0, 0, 37, 1], [0, 0, 0, 0, 0, 0, 2, 0, 0, 0, 0, 0, 0, 31]]}}, "wall_seconds": 125.8615022499871, "failures": [], "model": "jev-1.13.0", "completed_at": "2026-09-21T16:42:45.277709+00:00"}
