{"phase": "loading", "updated_at": "2026-09-22T00:03:05+0800", "model": "baseline", "completed": 0, "total": 2008}
{"phase": "running", "updated_at": "2026-09-22T00:03:22+0800", "model": "baseline", "language": "zh", "completed": 4, "total": 2008, "stage_completed": 4, "stage_total": 502}
{"phase": "running", "updated_at": "2026-09-22T00:03:24+0800", "model": "baseline", "language": "zh", "completed": 44, "total": 2008, "stage_completed": 44, "stage_total": 502}
{"phase": "running", "updated_at": "2026-09-22T00:03:26+0800", "model": "baseline", "language": "zh", "completed": 84, "total": 2008, "stage_completed": 84, "stage_total": 502}
{"phase": "running", "updated_at": "2026-09-22T00:03:28+0800", "model": "baseline", "language": "zh", "completed": 124, "total": 2008, "stage_completed": 124, "stage_total": 502}
{"phase": "running", "updated_at": "2026-09-22T00:03:30+0800", "model": "baseline", "language": "zh", "completed": 164, "total": 2008, "stage_completed": 164, "stage_total": 502}
{"phase": "running", "updated_at": "2026-09-22T00:03:32+0800", "model": "baseline", "language": "zh", "completed": 204, "total": 2008, "stage_completed": 204, "stage_total": 502}
{"phase": "running", "updated_at": "2026-09-22T00:03:34+0800", "model": "baseline", "language": "zh", "completed": 244, "total": 2008, "stage_completed": 244, "stage_total": 502}
{"phase": "running", "updated_at": "2026-09-22T00:03:36+0800", "model": "baseline", "language": "zh", "completed": 284, "total": 2008, "stage_completed": 284, "stage_total": 502}
{"phase": "running", "updated_at": "2026-09-22T00:03:38+0800", "model": "baseline", "language": "zh", "completed": 324, "total": 2008, "stage_completed": 324, "stage_total": 502}
{"phase": "running", "updated_at": "2026-09-22T00:03:40+0800", "model": "baseline", "language": "zh", "completed": 364, "total": 2008, "stage_completed": 364, "stage_total": 502}
{"phase": "running", "updated_at": "2026-09-22T00:03:42+0800", "model": "baseline", "language": "zh", "completed": 404, "total": 2008, "stage_completed": 404, "stage_total": 502}
{"phase": "running", "updated_at": "2026-09-22T00:03:44+0800", "model": "baseline", "language": "zh", "completed": 444, "total": 2008, "stage_completed": 444, "stage_total": 502}
{"phase": "running", "updated_at": "2026-09-22T00:03:46+0800", "model": "baseline", "language": "zh", "completed": 484, "total": 2008, "stage_completed": 484, "stage_total": 502}
{"phase": "running", "updated_at": "2026-09-22T00:03:47+0800", "model": "baseline", "language": "zh", "completed": 502, "total": 2008, "stage_completed": 502, "stage_total": 502}
{"phase": "running", "updated_at": "2026-09-22T00:03:47+0800", "model": "baseline", "language": "en", "completed": 506, "total": 2008, "stage_completed": 4, "stage_total": 502}
{"phase": "running", "updated_at": "2026-09-22T00:03:49+0800", "model": "baseline", "language": "en", "completed": 546, "total": 2008, "stage_completed": 44, "stage_total": 502}
{"phase": "running", "updated_at": "2026-09-22T00:03:51+0800", "model": "baseline", "language": "en", "completed": 586, "total": 2008, "stage_completed": 84, "stage_total": 502}
{"phase": "running", "updated_at": "2026-09-22T00:03:53+0800", "model": "baseline", "language": "en", "completed": 626, "total": 2008, "stage_completed": 124, "stage_total": 502}
{"phase": "running", "updated_at": "2026-09-22T00:03:55+0800", "model": "baseline", "language": "en", "completed": 666, "total": 2008, "stage_completed": 164, "stage_total": 502}
{"phase": "running", "updated_at": "2026-09-22T00:03:57+0800", "model": "baseline", "language": "en", "completed": 706, "total": 2008, "stage_completed": 204, "stage_total": 502}
{"phase": "running", "updated_at": "2026-09-22T00:03:59+0800", "model": "baseline", "language": "en", "completed": 746, "total": 2008, "stage_completed": 244, "stage_total": 502}
{"phase": "running", "updated_at": "2026-09-22T00:04:00+0800", "model": "baseline", "language": "en", "completed": 786, "total": 2008, "stage_completed": 284, "stage_total": 502}
{"phase": "running", "updated_at": "2026-09-22T00:04:02+0800", "model": "baseline", "language": "en", "completed": 826, "total": 2008, "stage_completed": 324, "stage_total": 502}
{"phase": "running", "updated_at": "2026-09-22T00:04:04+0800", "model": "baseline", "language": "en", "completed": 866, "total": 2008, "stage_completed": 364, "stage_total": 502}
{"phase": "running", "updated_at": "2026-09-22T00:04:05+0800", "model": "baseline", "language": "en", "completed": 906, "total": 2008, "stage_completed": 404, "stage_total": 502}
{"phase": "running", "updated_at": "2026-09-22T00:04:07+0800", "model": "baseline", "language": "en", "completed": 946, "total": 2008, "stage_completed": 444, "stage_total": 502}
{"phase": "running", "updated_at": "2026-09-22T00:04:09+0800", "model": "baseline", "language": "en", "completed": 986, "total": 2008, "stage_completed": 484, "stage_total": 502}
{"phase": "running", "updated_at": "2026-09-22T00:04:10+0800", "model": "baseline", "language": "en", "completed": 1004, "total": 2008, "stage_completed": 502, "stage_total": 502}
{"phase": "loading", "updated_at": "2026-09-22T00:04:10+0800", "model": "tuned", "completed": 1004, "total": 2008}
{"phase": "running", "updated_at": "2026-09-22T00:04:28+0800", "model": "tuned", "language": "zh", "completed": 1008, "total": 2008, "stage_completed": 4, "stage_total": 502}
{"phase": "running", "updated_at": "2026-09-22T00:04:30+0800", "model": "tuned", "language": "zh", "completed": 1048, "total": 2008, "stage_completed": 44, "stage_total": 502}
{"phase": "running", "updated_at": "2026-09-22T00:04:32+0800", "model": "tuned", "language": "zh", "completed": 1088, "total": 2008, "stage_completed": 84, "stage_total": 502}
{"phase": "running", "updated_at": "2026-09-22T00:04:35+0800", "model": "tuned", "language": "zh", "completed": 1128, "total": 2008, "stage_completed": 124, "stage_total": 502}
{"phase": "running", "updated_at": "2026-09-22T00:04:37+0800", "model": "tuned", "language": "zh", "completed": 1168, "total": 2008, "stage_completed": 164, "stage_total": 502}
{"phase": "running", "updated_at": "2026-09-22T00:04:39+0800", "model": "tuned", "language": "zh", "completed": 1208, "total": 2008, "stage_completed": 204, "stage_total": 502}
{"phase": "running", "updated_at": "2026-09-22T00:04:41+0800", "model": "tuned", "language": "zh", "completed": 1248, "total": 2008, "stage_completed": 244, "stage_total": 502}
{"phase": "running", "updated_at": "2026-09-22T00:04:43+0800", "model": "tuned", "language": "zh", "completed": 1288, "total": 2008, "stage_completed": 284, "stage_total": 502}
{"phase": "running", "updated_at": "2026-09-22T00:04:45+0800", "model": "tuned", "language": "zh", "completed": 1328, "total": 2008, "stage_completed": 324, "stage_total": 502}
{"phase": "running", "updated_at": "2026-09-22T00:04:47+0800", "model": "tuned", "language": "zh", "completed": 1368, "total": 2008, "stage_completed": 364, "stage_total": 502}
{"phase": "running", "updated_at": "2026-09-22T00:04:49+0800", "model": "tuned", "language": "zh", "completed": 1408, "total": 2008, "stage_completed": 404, "stage_total": 502}
{"phase": "running", "updated_at": "2026-09-22T00:04:52+0800", "model": "tuned", "language": "zh", "completed": 1448, "total": 2008, "stage_completed": 444, "stage_total": 502}
{"phase": "running", "updated_at": "2026-09-22T00:04:54+0800", "model": "tuned", "language": "zh", "completed": 1488, "total": 2008, "stage_completed": 484, "stage_total": 502}
{"phase": "running", "updated_at": "2026-09-22T00:04:55+0800", "model": "tuned", "language": "zh", "completed": 1506, "total": 2008, "stage_completed": 502, "stage_total": 502}
{"phase": "running", "updated_at": "2026-09-22T00:04:55+0800", "model": "tuned", "language": "en", "completed": 1510, "total": 2008, "stage_completed": 4, "stage_total": 502}
{"phase": "running", "updated_at": "2026-09-22T00:04:57+0800", "model": "tuned", "language": "en", "completed": 1550, "total": 2008, "stage_completed": 44, "stage_total": 502}
{"phase": "running", "updated_at": "2026-09-22T00:04:59+0800", "model": "tuned", "language": "en", "completed": 1590, "total": 2008, "stage_completed": 84, "stage_total": 502}
{"phase": "running", "updated_at": "2026-09-22T00:05:01+0800", "model": "tuned", "language": "en", "completed": 1630, "total": 2008, "stage_completed": 124, "stage_total": 502}
{"phase": "running", "updated_at": "2026-09-22T00:05:03+0800", "model": "tuned", "language": "en", "completed": 1670, "total": 2008, "stage_completed": 164, "stage_total": 502}
{"phase": "running", "updated_at": "2026-09-22T00:05:05+0800", "model": "tuned", "language": "en", "completed": 1710, "total": 2008, "stage_completed": 204, "stage_total": 502}
{"phase": "running", "updated_at": "2026-09-22T00:05:07+0800", "model": "tuned", "language": "en", "completed": 1750, "total": 2008, "stage_completed": 244, "stage_total": 502}
{"phase": "running", "updated_at": "2026-09-22T00:05:09+0800", "model": "tuned", "language": "en", "completed": 1790, "total": 2008, "stage_completed": 284, "stage_total": 502}
{"phase": "running", "updated_at": "2026-09-22T00:05:10+0800", "model": "tuned", "language": "en", "completed": 1830, "total": 2008, "stage_completed": 324, "stage_total": 502}
{"phase": "running", "updated_at": "2026-09-22T00:05:12+0800", "model": "tuned", "language": "en", "completed": 1870, "total": 2008, "stage_completed": 364, "stage_total": 502}
{"phase": "running", "updated_at": "2026-09-22T00:05:14+0800", "model": "tuned", "language": "en", "completed": 1910, "total": 2008, "stage_completed": 404, "stage_total": 502}
{"phase": "running", "updated_at": "2026-09-22T00:05:16+0800", "model": "tuned", "language": "en", "completed": 1950, "total": 2008, "stage_completed": 444, "stage_total": 502}
{"phase": "running", "updated_at": "2026-09-22T00:05:18+0800", "model": "tuned", "language": "en", "completed": 1990, "total": 2008, "stage_completed": 484, "stage_total": 502}
{"phase": "running", "updated_at": "2026-09-22T00:05:19+0800", "model": "tuned", "language": "en", "completed": 2008, "total": 2008, "stage_completed": 502, "stage_total": 502}
{"phase": "complete", "updated_at": "2026-09-22T00:05:19+0800", "completed": 2008, "total": 2008, "elapsed_seconds": 134.66522358398652}
